init_elim_0:
	entry
	if (dyn = 0)
		goto fst_elim_0
		else snd_elim_0


fst_elim_0:
	from init_elim_0
	goto stop_elim_1


snd_elim_0:
	from init_elim_0
	goto stop_elim_2


stop_elim_1:
	fi (dyn = 0)
		from fst_elim_0
		else snd_NULL
	elim += 1
	exit_control_var += 0
	goto exit_merge_0_1


stop_elim_2:
	fi (dyn = 0)
		from fst_NULL
		else snd_elim_0
	elim += 2
	exit_control_var += 1
	goto exit_merge_0_1


exit_merge_0_1:
	fi (exit_control_var < 1)
		from stop_elim_1
		else stop_elim_2
	exit