(dyn) -> (dyn elim)

init_1:
	entry
	if (dyn = '5)
		goto fst_1_2
		else snd_1_2

fst_1_2:
	from init_1
	assert((dyn = '5))
	dyn += '1
	elim ^= '1
	goto stop_1_x1_2_3

stop_1_x1_2_3:
	fi (elim = '1)
		from fst_1_2
		else snd_1_2
	exit

snd_1_2:
	from init_1
	assert(!((dyn = '5)))
	dyn += '2
	elim ^= '2
	goto stop_1_x1_2_3
