(x) -> (xs)

init_1:
	entry
	assert((xs = 'nil))
	xs <- (x . xs)
	x ^= hd(xs)
	assert(!((xs = 'nil)))
	xs <- (x . xs)
	x ^= hd(xs)
	assert(!((xs = 'nil)))
	xs <- (x . xs)
	x ^= hd(xs)
	assert(!((xs = 'nil)))
	xs <- (x . xs)
	exit
